main.c:94:5:main	136	static
main.c:187:6:SystemClock_Config	104	static
main.c:239:13:MX_CRC_Init	8	static
main.c:266:13:MX_I2S2_Init	8	static
main.c:297:13:MX_I2S3_Init	8	static
main.c:329:13:MX_DMA_Init	16	static
main.c:353:13:MX_GPIO_Init	56	static
main.c:442:6:HAL_I2SEx_TxRxHalfCpltCallback	16	static
main.c:451:6:HAL_I2SEx_TxRxCpltCallback	16	static
main.c:460:6:HAL_I2S_RxHalfCpltCallback	16	static
main.c:473:6:HAL_I2S_RxCpltCallback	16	static
main.c:486:6:PmodI2S2_AudioRead_24b	32	static
main.c:497:6:PmodI2S2_AudioWrite_24b	32	static
main.c:516:6:Error_Handler	8	static
