usbd_cdc_if.c:155:15:CDC_Init_FS	8	static
usbd_cdc_if.c:169:15:CDC_DeInit_FS	4	static
usbd_cdc_if.c:183:15:CDC_Control_FS	24	static
usbd_cdc_if.c:275:15:CDC_Receive_FS	24	static
usbd_cdc_if.c:360:9:CDC_Transmit_FS	24	static
usbd_cdc_if.c:390:15:CDC_TransmitCplt_FS	32	static
usbd_cdc_if.c:403:6:CDC_Printf	16	static
usbd_cdc_if.c:417:6:CDC_Scanf	16	static
usbd_cdc_if.c:434:6:CDC_Spin	152	static
usbd_cdc_if.c:451:6:CDC_Clear	8	static
usbd_cdc_if.c:458:6:CDC_SetPos	16	static
usbd_cdc_if.c:463:6:CDC_Move	16	static
