usbd_cdc_if.c:156:15:CDC_Init_FS	8	static
usbd_cdc_if.c:170:15:CDC_DeInit_FS	4	static
usbd_cdc_if.c:184:15:CDC_Control_FS	24	static
usbd_cdc_if.c:276:15:CDC_Receive_FS	24	static
usbd_cdc_if.c:383:9:CDC_Transmit_FS	24	static
usbd_cdc_if.c:413:15:CDC_TransmitCplt_FS	32	static
usbd_cdc_if.c:426:6:_printf	16	static
usbd_cdc_if.c:440:6:_cprintf	32	static
usbd_cdc_if.c:464:6:_scanf	16	static
usbd_cdc_if.c:481:6:_cspin	24	static
usbd_cdc_if.c:494:6:CDC_Clear	8	static
usbd_cdc_if.c:511:6:CDC_SetPos	16	static
usbd_cdc_if.c:516:6:CDC_Move	16	static
usbd_cdc_if.c:537:6:CDC_rxPrintf_ON	8	static
usbd_cdc_if.c:548:6:CDC_rxPrintf_OFF	8	static
